// Jest Snapshot v1, https://goo.gl/fbAQLP

exports[`expect to render Card cmponent 1`] = `ShallowWrapper {}`;
